// Jest Snapshot v1, https://goo.gl/fbAQLP

exports[`Button tests should render correctly when is loading 1`] = `
<button
  class="sc-bdVaJa gXMDQW"
  type="button"
>
  <svg
    height="40px"
    id="loader-1"
    version="1.1"
    viewBox="0 0 50 50"
    width="40px"
    x="0px"
    y="0px"
  >
    <path
      d="M25.251,6.461c-10.318,0-18.683,8.365-18.683,18.683h4.068c0-8.071,6.543-14.615,14.615-14.615V6.461z"
      fill="#1E2A39"
    >
      <animatetransform
        attributeName="transform"
        attributeType="xml"
        dur="0.6s"
        from="0 25 25"
        repeatCount="indefinite"
        to="360 25 25"
        type="rotate"
      />
    </path>
  </svg>
</button>
`;

exports[`Button tests should render correctly when loaded 1`] = `
<button
  class="sc-bdVaJa gXMDQW"
  type="button"
>
  Button
</button>
`;
